============================= test session starts =============================
platform win32 -- Python 3.12.0, pytest-9.0.2, pluggy-1.6.0 -- C:\Users\jono1\.pyenv\pyenv-win\versions\3.12.0\python.exe
cachedir: .pytest_cache
PySide6 6.10.2 -- Qt runtime 6.10.2 -- Qt compiled 6.10.2
rootdir: C:\Users\jono1\OneDrive\Documents\Personal Projects\Jehu-Reader
plugins: qt-4.5.0
collecting ... collected 3 items

tests/scene/test_scene_interactions.py::TestSceneInteractionArrows::test_arrow_drawing_coordinate_mapping PASSED [ 33%]
tests/scene/test_scene_interactions.py::TestSceneInteractionArrows::test_finish_arrow_drawing FAILED [ 66%]
tests/scene/test_scene_interactions.py::TestSceneInteractionArrows::test_start_arrow_drawing PASSED [100%]

================================== FAILURES ===================================
____________ TestSceneInteractionArrows.test_finish_arrow_drawing _____________
..\..\..\..\.pyenv\pyenv-win\versions\3.12.0\Lib\unittest\mock.py:1384: in patched
    with self.decoration_helper(patched,
..\..\..\..\.pyenv\pyenv-win\versions\3.12.0\Lib\contextlib.py:137: in __enter__
    return next(self.gen)
           ^^^^^^^^^^^^^^
..\..\..\..\.pyenv\pyenv-win\versions\3.12.0\Lib\unittest\mock.py:1366: in decoration_helper
    arg = exit_stack.enter_context(patching)
          ^^^^^^^^^^^^^^^^^^^^^^^^^^^^^^^^^^
..\..\..\..\.pyenv\pyenv-win\versions\3.12.0\Lib\contextlib.py:514: in enter_context
    result = _enter(cm)
             ^^^^^^^^^^
..\..\..\..\.pyenv\pyenv-win\versions\3.12.0\Lib\unittest\mock.py:1455: in __enter__
    original, local = self.get_original()
                      ^^^^^^^^^^^^^^^^^^^
..\..\..\..\.pyenv\pyenv-win\versions\3.12.0\Lib\unittest\mock.py:1428: in get_original
    raise AttributeError(
E   AttributeError: <module 'src.scene.scene_input_handler' from 'C:\\Users\\jono1\\OneDrive\\Documents\\Personal Projects\\Jehu-Reader\\src\\scene\\scene_input_handler.py'> does not have the attribute 'create_menu'
=========================== short test summary info ===========================
FAILED tests/scene/test_scene_interactions.py::TestSceneInteractionArrows::test_finish_arrow_drawing
========================= 1 failed, 2 passed in 0.16s =========================
