============================= test session starts =============================
platform win32 -- Python 3.12.10, pytest-9.0.2, pluggy-1.6.0
PySide6 6.10.2 -- Qt runtime 6.10.2 -- Qt compiled 6.10.2
rootdir: C:\Users\jono1\OneDrive\Documents\Personal Projects\Jehu-Reader
configfile: pytest.ini
testpaths: tests
plugins: qt-4.5.0
collected 116 items

tests\core\test_multi_translation_loader.py ..                           [  1%]
tests\core\test_search_engine.py .................                       [ 16%]
tests\core\test_verse_loader.py .....                                    [ 20%]
tests\managers\test_outline_manager_scrubbing.py .....                   [ 25%]
tests\managers\test_release_note_manager.py .....                        [ 29%]
tests\managers\test_spellcheck_manager.py ....                           [ 32%]
tests\managers\test_strongs_manager.py ..                                [ 34%]
tests\managers\test_study_manager.py ........                            [ 41%]
tests\scene\test_ghost_arrows.py ..........                              [ 50%]
tests\scene\test_layout_engine.py ....                                   [ 53%]
tests\scene\test_layout_engine_boundary_fixes.py ..                      [ 55%]
tests\scene\test_mac_delete_key.py ..                                    [ 56%]
tests\scene\test_scene_interactions.py ...                               [ 59%]
tests\scene\test_scene_outline_manager.py .                              [ 60%]
tests\scene\test_scene_overlay.py ....                                   [ 63%]
tests\scene\test_scene_regression.py ..                                  [ 65%]
tests\ui\components\test_note_editor.py ........                         [ 72%]
tests\ui\components\test_spellcheck_title_edit.py ...                    [ 75%]
tests\ui\test_export_manager.py .                                        [ 75%]
tests\ui\test_layout_and_movement.py ......                              [ 81%]
tests\ui\test_main_window_layout.py ...                                  [ 83%]
tests\ui\test_main_window_placeholder.py ....                            [ 87%]
tests\ui\test_restore_layout_fallback.py ....F                           [ 91%]
tests\ui\test_widget_resize.py .                                         [ 92%]
tests\utils\test_exporter.py ...                                         [ 94%]
tests\utils\test_reader_utils.py ..                                      [ 96%]
tests\utils\test_snake_path_finder.py ..                                 [ 98%]
tests\utils\test_update_manager.py ..                                    [100%]

================================== FAILURES ===================================
_____________________ test_valid_saved_layout_is_restored _____________________
tests\ui\test_restore_layout_fallback.py:132: in test_valid_saved_layout_is_restored
    assert "ReadingView_restored" in objects
E   AssertionError: assert 'ReadingView_restored' in ['CenterDock_d4f2c936']
---------------------------- Captured stdout call -----------------------------
Loading Primary Bible data from C:\Users\jono1\OneDrive\Documents\Personal Projects\Jehu-Reader\data\mdbible-main\mdbible-main\json\ESV.json...
Parsing ESV JSON data...
Loaded 31104 verses in 6.59s
Parsing Strong's dictionary from C:\Users\jono1\OneDrive\Documents\Personal Projects\Jehu-Reader\resources/strongs-dictionary.xhtml...
Parsed 14197 Strong's entries in 0.21s
Indexing Strong's usages with snippets...
Indexed Strong's usages in 2.09s
============================== warnings summary ===============================
tests/ui/test_layout_and_movement.py::test_save_panels
  C:\Users\jono1\OneDrive\Documents\Personal Projects\Jehu-Reader\src\ui\components\reading_view_link_manager.py:93: RuntimeWarning: Failed to disconnect (<bound method ReadingViewLinkManager._on_any_scroll_changed of <src.ui.components.reading_view_link_manager.ReadingViewLinkManager(0x1f85fd56140) at 0x000001F867F8A9C0>>) from signal "scrollChanged(int)".
    scene.scrollChanged.disconnect(self._on_any_scroll_changed)

tests/ui/test_layout_and_movement.py::test_drop_on_placeholder_dock
  C:\Users\jono1\OneDrive\Documents\Personal Projects\Jehu-Reader\src\ui\components\reading_view_link_manager.py:93: RuntimeWarning: Failed to disconnect (<bound method ReadingViewLinkManager._on_any_scroll_changed of <src.ui.components.reading_view_link_manager.ReadingViewLinkManager(0x1f8546a81d0) at 0x000001F805CA2400>>) from signal "scrollChanged(int)".
    scene.scrollChanged.disconnect(self._on_any_scroll_changed)

tests/ui/test_layout_and_movement.py::test_close_tabified_panel
  C:\Users\jono1\OneDrive\Documents\Personal Projects\Jehu-Reader\src\ui\components\reading_view_link_manager.py:93: RuntimeWarning: Failed to disconnect (<bound method ReadingViewLinkManager._on_any_scroll_changed of <src.ui.components.reading_view_link_manager.ReadingViewLinkManager(0x1f85fd493f0) at 0x000001F87FEF2400>>) from signal "scrollChanged(int)".
    scene.scrollChanged.disconnect(self._on_any_scroll_changed)

-- Docs: https://docs.pytest.org/en/stable/how-to/capture-warnings.html
=========================== short test summary info ===========================
FAILED tests/ui/test_restore_layout_fallback.py::test_valid_saved_layout_is_restored
============ 1 failed, 115 passed, 3 warnings in 146.68s (0:02:26) ============
